

Thu Aug 14 15:33:54 2025
Command line: TestDisk

TestDisk 7.1, Data Recovery Utility, July 2019
Christophe GRENIER <grenier@cgsecurity.org>
https://www.cgsecurity.org
OS: Linux, kernel 6.8.0-64-generic (#67~22.04.1-Ubuntu SMP PREEMPT_DYNAMIC Tue Jun 24 15:19:46 UTC 2) x86_64
Compiler: GCC 11.2
ext2fs lib: 1.46.5, ntfs lib: libntfs-3g, reiserfs lib: none, ewf lib: none, curses lib: ncurses 6.3
/dev/sda: LBA, LBA48, DCO support
/dev/sda: size       488397168 sectors
/dev/sda: user_max   488397168 sectors
/dev/sda: dco        488397168 sectors
Warning: can't get size for Disk /dev/mapper/control - 0 B - 0 sectors, sector size=512
Warning: can't get size for Disk /dev/loop20 - 0 B - 0 sectors (RO), sector size=512
Warning: can't get size for Disk /dev/loop21 - 0 B - 0 sectors (RO), sector size=512
Warning: can't get size for Disk /dev/loop22 - 0 B - 0 sectors, sector size=512
Hard disk list
Disk /dev/sda - 250 GB / 232 GiB - CHS 30401 255 63, sector size=512 - WDC WD2500AAKX-60U6AA0, S/N:WD-WCC2EU019805, FW:18.01H18
Disk /dev/sdb - 8053 MB / 7680 MiB - CHS 1022 248 62, sector size=512 - General UDisk, FW:5.00
Disk /dev/loop0 - 4096 B - 8 sectors (RO), sector size=512
Disk /dev/loop1 - 338 MB / 322 MiB - 661448 sectors (RO), sector size=512
Disk /dev/loop10 - 366 MB / 349 MiB - 716176 sectors (RO), sector size=512
Disk /dev/loop11 - 521 MB / 496 MiB - 1017816 sectors (RO), sector size=512
Disk /dev/loop12 - 541 MB / 516 MiB - 1056784 sectors (RO), sector size=512
Disk /dev/loop13 - 96 MB / 91 MiB - 187776 sectors (RO), sector size=512
Disk /dev/loop14 - 13 MB / 12 MiB - 26472 sectors (RO), sector size=512
Disk /dev/loop15 - 12 MB / 12 MiB - 24984 sectors (RO), sector size=512
Disk /dev/loop16 - 53 MB / 50 MiB - 104240 sectors (RO), sector size=512
Disk /dev/loop17 - 51 MB / 49 MiB - 100952 sectors (RO), sector size=512
Disk /dev/loop18 - 581 KB / 568 KiB - 1136 sectors (RO), sector size=512
Disk /dev/loop19 - 589 KB / 576 KiB - 1152 sectors (RO), sector size=512
Disk /dev/loop2 - 66 MB / 63 MiB - 130568 sectors (RO), sector size=512
Disk /dev/loop3 - 338 MB / 322 MiB - 661176 sectors (RO), sector size=512
Disk /dev/loop4 - 66 MB / 63 MiB - 130592 sectors (RO), sector size=512
Disk /dev/loop5 - 77 MB / 73 MiB - 151352 sectors (RO), sector size=512
Disk /dev/loop6 - 77 MB / 73 MiB - 151376 sectors (RO), sector size=512
Disk /dev/loop7 - 257 MB / 245 MiB - 502024 sectors (RO), sector size=512
Disk /dev/loop8 - 257 MB / 245 MiB - 502824 sectors (RO), sector size=512
Disk /dev/loop9 - 366 MB / 349 MiB - 716168 sectors (RO), sector size=512

SIGINT detected! TestDisk has been killed.
